
> airora-hvac-nextjs@1.0.0 build
> next build

   Γû▓ Next.js 15.5.6
   - Experiments (use with caution):
     ┬╖ optimizePackageImports

   Creating an optimized production build ...
node.exe : <w> [webpa
ck.cache.PackFileCach
eStrategy] Skipped 
not serializable 
cache item 'Compilati
on/modules|D:\Officia
ls\Development\Projec
ts\AirOra\node_module
s\next\dist\build\web
pack\loaders\css-load
er\src\index.js??rule
Set[1].rules[14].oneO
f[10].use[2]!D:\Offic
ials\Development\Proj
ects\AirOra\node_modu
les\next\dist\build\w
ebpack\loaders\postcs
s-loader\src\index.js
??ruleSet[1].rules[14
].oneOf[10].use[3]!D:
\Officials\Developmen
t\Projects\AirOra\src
\app\globals.css': 
No serializer 
registered for 
PostCSSSyntaxError
At line:1 char:1
+ & "C:\Program Files
\nodejs/node.exe" "C:
\Users\ikhla\AppData\
Roaming\ ...
+ ~~~~~~~~~~~~~~~~~~~
~~~~~~~~~~~~~~~~~~~~~
~~~~~~~~~~~~~~~~~~~~~
~~~~~~~~
    + CategoryInfo   
           : NotSpe  
  cified: (<w> [we   
 bpack.ca...tCSSS    
yntaxError:Strin    
g) [], RemoteExc    
eption
    + FullyQualified 
   ErrorId : Native  
  CommandError
 
<w> while 
serializing webpack/l
ib/cache/PackFileCach
eStrategy.PackContent
Items -> webpack/lib/
NormalModule -> webpa
ck/lib/ModuleBuildErr
or -> 
PostCSSSyntaxError
Failed to compile.

./src/app/globals.css
:98:1
Syntax error: D:\Offi
cials\Development\Pro
jects\AirOra\src\app\
globals.css `@layer 
base` is used but no 
matching `@tailwind 
base` directive is 
present.

 [90m  96 | 
[39m[33m}[39m
 [90m  97 | [39m
[1m[31m>[39m[22m
[90m  98 | [39m[36m
@layer[39m base 
[33m{[39m
 [90m     | [39m[1
m[31m^[39m[22m
 [90m  99 | [39m  
*, [33m:[39mafter, 
[33m:[39mbefore, [
33m:[39m[33m:[39mb
ackdrop [33m{[39m
 [90m 100 | [39m   
 box-sizing[33m:[39
m 
border-box[33m;[39m

./src/app/globals.css
Syntax error: D:\Offi
cials\Development\Pro
jects\AirOra\src\app\
globals.css `@layer 
base` is used but no 
matching `@tailwind 
base` directive is 
present. (98:1)

 [90m  96 | 
[39m[33m}[39m
 [90m  97 | [39m
[1m[31m>[39m[22m
[90m  98 | [39m[36m
@layer[39m base 
[33m{[39m
 [90m     | [39m[1
m[31m^[39m[22m
 [90m  99 | [39m  
*, [33m:[39mafter, 
[33m:[39mbefore, [
33m:[39m[33m:[39mb
ackdrop [33m{[39m
 [90m 100 | [39m   
 box-sizing[33m:[39
m 
border-box[33m;[39m

    at 
tryRunOrWebpackError 
(D:\Officials\Develop
ment\Projects\AirOra\
node_modules\next\dis
t\compiled\webpack\bu
ndle5.js:29:316119)
    at __webpack_requ
ire_module__ (D:\Offi
cials\Development\Pro
jects\AirOra\node_mod
ules\next\dist\compil
ed\webpack\bundle5.js
:29:131532)
    at __nested_webpa
ck_require_161494__ (
D:\Officials\Developm
ent\Projects\AirOra\n
ode_modules\next\dist
\compiled\webpack\bun
dle5.js:29:130967)
    at D:\Officials\D
evelopment\Projects\A
irOra\node_modules\ne
xt\dist\compiled\webp
ack\bundle5.js:29:131
824
    at 
symbolIterator (D:\Of
ficials\Development\P
rojects\AirOra\node_m
odules\next\dist\comp
iled\neo-async\async.
js:1:14444)
    at done (D:\Offic
ials\Development\Proj
ects\AirOra\node_modu
les\next\dist\compile
d\neo-async\async.js:
1:14824)
    at Hook.eval [as 
callAsync] (eval at 
create (D:\Officials\
Development\Projects\
AirOra\node_modules\n
ext\dist\compiled\web
pack\bundle5.js:14:92
24), 
<anonymous>:15:1)
    at Hook.CALL_ASYN
C_DELEGATE [as 
_callAsync] (D:\Offic
ials\Development\Proj
ects\AirOra\node_modu
les\next\dist\compile
d\webpack\bundle5.js:
14:6378)
    at D:\Officials\D
evelopment\Projects\A
irOra\node_modules\ne
xt\dist\compiled\webp
ack\bundle5.js:29:130
687
    at 
symbolIterator (D:\Of
ficials\Development\P
rojects\AirOra\node_m
odules\next\dist\comp
iled\neo-async\async.
js:1:14402)
-- inner error --
Syntax error: D:\Offi
cials\Development\Pro
jects\AirOra\src\app\
globals.css `@layer 
base` is used but no 
matching `@tailwind 
base` directive is 
present. (98:1)

 [90m  96 | 
[39m[33m}[39m
 [90m  97 | [39m
[1m[31m>[39m[22m
[90m  98 | [39m[36m
@layer[39m base 
[33m{[39m
 [90m     | [39m[1
m[31m^[39m[22m
 [90m  99 | [39m  
*, [33m:[39mafter, 
[33m:[39mbefore, [
33m:[39m[33m:[39mb
ackdrop [33m{[39m
 [90m 100 | [39m   
 box-sizing[33m:[39
m 
border-box[33m;[39m

    at 
Object.<anonymous> (D
:\Officials\Developme
nt\Projects\AirOra\no
de_modules\next\dist\
build\webpack\loaders
\css-loader\src\index
.js??ruleSet[1].rules
[14].oneOf[10].use[2]
!D:\Officials\Develop
ment\Projects\AirOra\
node_modules\next\dis
t\build\webpack\loade
rs\postcss-loader\src
\index.js??ruleSet[1]
.rules[14].oneOf[10].
use[3]!D:\Officials\D
evelopment\Projects\A
irOra\src\app\globals
.css:1:7)
    at D:\Officials\D
evelopment\Projects\A
irOra\node_modules\ne
xt\dist\compiled\webp
ack\bundle5.js:29:962
717
    at Hook.eval [as 
call] (eval at 
create (D:\Officials\
Development\Projects\
AirOra\node_modules\n
ext\dist\compiled\web
pack\bundle5.js:14:90
02), <anonymous>:7:1)
    at 
Hook.CALL_DELEGATE 
[as _call] (D:\Offici
als\Development\Proje
cts\AirOra\node_modul
es\next\dist\compiled
\webpack\bundle5.js:1
4:6272)
    at D:\Officials\D
evelopment\Projects\A
irOra\node_modules\ne
xt\dist\compiled\webp
ack\bundle5.js:29:131
565
    at 
tryRunOrWebpackError 
(D:\Officials\Develop
ment\Projects\AirOra\
node_modules\next\dis
t\compiled\webpack\bu
ndle5.js:29:316073)
    at __webpack_requ
ire_module__ (D:\Offi
cials\Development\Pro
jects\AirOra\node_mod
ules\next\dist\compil
ed\webpack\bundle5.js
:29:131532)
    at __nested_webpa
ck_require_161494__ (
D:\Officials\Developm
ent\Projects\AirOra\n
ode_modules\next\dist
\compiled\webpack\bun
dle5.js:29:130967)
    at D:\Officials\D
evelopment\Projects\A
irOra\node_modules\ne
xt\dist\compiled\webp
ack\bundle5.js:29:131
824
    at 
symbolIterator (D:\Of
ficials\Development\P
rojects\AirOra\node_m
odules\next\dist\comp
iled\neo-async\async.
js:1:14444)

Generated code for D:
\Officials\Developmen
t\Projects\AirOra\nod
e_modules\next\dist\b
uild\webpack\loaders\
css-loader\src\index.
js??ruleSet[1].rules[
14].oneOf[10].use[2]!
D:\Officials\Developm
ent\Projects\AirOra\n
ode_modules\next\dist
\build\webpack\loader
s\postcss-loader\src\
index.js??ruleSet[1].
rules[14].oneOf[10].u
se[3]!D:\Officials\De
velopment\Projects\Ai
rOra\src\app\globals.
css

Import trace for 
requested module:
./src/app/globals.css


> Build failed 
because of webpack 
errors
